MemTotal:        8034808 kB
MemFree:         7400748 kB
MemAvailable:    7627328 kB
Buffers:           62068 kB
Cached:           365552 kB
SwapCached:            0 kB
Active:           304336 kB
Inactive:         202632 kB
Active(anon):        104 kB
Inactive(anon):    79324 kB
Active(file):     304232 kB
Inactive(file):   123308 kB
Unevictable:           0 kB
Mlocked:               0 kB
SwapTotal:       2097152 kB
SwapFree:        2097152 kB
Dirty:                 0 kB
Writeback:             0 kB
AnonPages:         79396 kB
Mapped:            90744 kB
Shmem:                88 kB
KReclaimable:      30904 kB
Slab:              63412 kB
SReclaimable:      30904 kB
SUnreclaim:        32508 kB
KernelStack:        2528 kB
PageTables:         1088 kB
NFS_Unstable:          0 kB
Bounce:                0 kB
WritebackTmp:          0 kB
CommitLimit:     6114556 kB
Committed_AS:     450592 kB
VmallocTotal:   34359738367 kB
VmallocUsed:       22612 kB
VmallocChunk:          0 kB
Percpu:             2624 kB
AnonHugePages:     59392 kB
ShmemHugePages:        0 kB
ShmemPmdMapped:        0 kB
FileHugePages:         0 kB
FilePmdMapped:         0 kB
HugePages_Total:       0
HugePages_Free:        0
HugePages_Rsvd:        0
HugePages_Surp:        0
Hugepagesize:       2048 kB
Hugetlb:               0 kB
DirectMap4k:       39936 kB
DirectMap2M:     5089280 kB
DirectMap1G:     4194304 kB
